<html>
<body>
<pre>
<h1>µVision Build Log</h1>
<h2>Project:</h2>
F:\LPC1768³ÌÐò\Drivers\FlyMCU\Chip\LPC1768\Fly1768.uvproj
Project File Date:  05/04/2014

<h2>Output:</h2>
Build target 'Target 1'
compiling interface.c...
linking...
Program Size: Code=29808 RO-data=500 RW-data=324 ZI-data=1588  
".\Obj\Fly1768.axf" - 0 Error(s), 0 Warning(s).
iling lpc17xx_exti.c...
compiling lpc17xx_gpio.c...
compiling lpc17xx_i2c.c...
Drivers\source\lpc17xx_i2c.c(1184): warning:  #186-D: pointless comparison of unsigned integer with zero
        CHECK_PARAM(PARAM_I2C_SLAVEADDR_CH(OwnSlaveAddrConfigStruct->SlaveAddrChannel));
Drivers\source\lpc17xx_i2c.c: 1 warning, 0 errors
compiling lpc17xx_libcfg_default.c...
compiling lpc17xx_nvic.c...
compiling lpc17xx_pinsel.c...
compiling lpc17xx_pwm.c...
Drivers\source\lpc17xx_pwm.c(303): warning:  #186-D: pointless comparison of unsigned integer with zero
        CHECK_PARAM(PARAM_PWM1_MATCH_CHANNEL(PWM_MatchConfigStruct->MatchChannel));
Drivers\source\lpc17xx_pwm.c(433): warning:  #186-D: pointless comparison of unsigned integer with zero
        CHECK_PARAM(PARAM_PWM1_MATCH_CHANNEL(MatchChannel));
Drivers\source\lpc17xx_pwm.c: 2 warnings, 0 errors
compiling lpc17xx_spi.c...
compiling lpc17xx_systick.c...
compiling lpc17xx_timer.c...
Drivers\source\lpc17xx_timer.c(115): warning:  #68-D: integer conversion resulted in a change of sign
        uint32_t tnum = -1;
Drivers\source\lpc17xx_timer.c: 1 warning, 0 errors
compiling lpc17xx_uart.c...
compiling lpc17xx_wdt.c...
compiling lpc17xx_can.c...
Drivers\source\lpc17xx_can.c(1109): warning:  #186-D: pointless comparison of unsigned integer with zero
        CHECK_PARAM(PARAM_POSITION(position));
Drivers\source\lpc17xx_can.c: 1 warning, 0 errors
compiling os_cpu_c.c...
assembling os_cpu_a.asm...
compiling OS_CORE.C...
compiling OS_FLAG.C...
compiling OS_MBOX.C...
compiling OS_MEM.C...
compiling OS_MUTEX.C...
compiling OS_Q.C...
compiling OS_SEM.C...
compiling OS_TASK.C...
compiling OS_TIME.C...
compiling uCOS_II.C...
compiling IAP.c...
compiling interface.c...
compiling main.c...
linking...
Program Size: Code=29736 RO-data=500 RW-data=324 ZI-data=1588  
".\Obj\Fly1768.axf" - 0 Error(s), 5 Warning(s).
